---
reqs:
- req_id: SSS_APP_001
  req_title: Title Req SSS_01
  req_text: Description
  req_attrs:
    category: Functional
    rational: rational sss
- req_id: SSS_APP_002
  req_title: Title Req SSS_02
  req_text: Description
  req_attrs:
    category: Functional
    rational: rational sss
- req_id: SSS_APP_003
  req_title: Title Req SSS_03
  req_text: Description
  req_attrs:
    category: Functional
    rational: rational sss
- req_id: SSS_APP_004
  req_title: Title Req SSS_04
  req_text: Description
  req_attrs:
    category: Functional
    rational: rational sss
- req_id: SSS_APP_005
  req_title: Title Req SSS_05
  req_text: Description
  req_attrs:
    category: Functional
    rational: rational sss
- req_id: SSS_APP_006
  req_title: Title Req SSS_06
  req_text: Description
  req_attrs:
    category: Functional
    rational: rational sss
- req_id: SSS_APP_007
  req_title: Title Req SSS_07
  req_text: Description
  req_attrs:
    category: Functional
    rational: rational sss
- req_id: SSS_APP_008
  req_title: Title Req SSS_08
  req_text: Description
  req_attrs:
    category: Functional
    rational: rational sss
- req_id: SSS_APP_009
  req_title: Title Req SSS_09
  req_text: Description
  req_attrs:
    category: Functional
    rational: rational sss
- req_id: SSS_APP_010
  req_title: Title Req SSS_10
  req_text: Description
  req_attrs:
    category: Functional
    rational: rational sss
- req_id: SSS_APP_011
  req_title: Title Req SSS_11
  req_text: Description
  req_attrs:
    category: Functional
    rational: rational sss
- req_id: SSS_APP_012
  req_title: Title Req SSS_12
  req_text: Description
  req_attrs:
    category: Functional
    rational: rational sss
- req_id: SSS_APP_013
  req_title: Title Req SSS_13
  req_text: Description
  req_attrs:
    category: Functional
    rational: rational sss
- req_id: SSS_APP_014
  req_title: Title Req SSS_14
  req_text: Description
  req_attrs:
    category: Functional
    rational: rational sss
- req_id: SSS_APP_015
  req_title: Title Req SSS_15
  req_text: Description
  req_attrs:
    category: Functional
    rational: rational sss
- req_id: SSS_APP_016
  req_title: Title Req SSS_16
  req_text: Description
  req_attrs:
    category: Functional
    rational: rational sss
- req_id: SSS_APP_017
  req_title: Title Req SSS_17
  req_text: Description
  req_attrs:
    category: Functional
    rational: rational sss
- req_id: SSS_APP_018
  req_title: Title Req SSS_18
  req_text: Description
  req_attrs:
    category: Functional
    rational: rational sss
- req_id: SSS_APP_019
  req_title: Title Req SSS_19
  req_text: Description
  req_attrs:
    category: Functional
    rational: rational sss
- req_id: SSS_APP_020
  req_title: Title Req SSS_20
  req_text: Description
  req_attrs:
    category: Functional
    rational: rational sss
- req_id: SSS_APP_021
  req_title: Title Req SSS_21
  req_text: Description
  req_attrs:
    category: Functional
    rational: rational sss
- req_id: SSS_APP_022
  req_title: Title Req SSS_22
  req_text: Description
  req_attrs:
    category: Functional
    rational: rational sss
- req_id: SSS_APP_023
  req_title: Title Req SSS_23
  req_text: Description
  req_attrs:
    category: Functional
    rational: rational sss
- req_id: SSS_APP_024
  req_title: Title Req SSS_24
  req_text: Description
  req_attrs:
    category: Functional
    rational: rational sss
- req_id: SSS_APP_025
  req_title: Title Req SSS_25
  req_text: Description
  req_attrs:
    category: Functional
    rational: rational sss
- req_id: SSS_APP_026
  req_title: Title Req SSS_26
  req_text: Description
  req_attrs:
    category: Functional
    rational: rational sss
