---
reqs:
- req_id: SRS_APP_001
  req_title: Req SRS_01
  req_text: Description
  req_attrs:
    category: Functional
    rational: rational
- req_id: SRS_APP_002
  req_title: Req SRS_02
  req_text: Description
  req_attrs:
    category: Functional
    rational: rational
- req_id: SRS_APP_003
  req_title: Req SRS_03
  req_text: Description
  req_attrs:
    category: Functional
    rational: rational
- req_id: SRS_APP_004
  req_title: Req SRS_04
  req_text: Description
  req_attrs:
    category: Functional
    rational: rational
- req_id: SRS_APP_005
  req_title: Req SRS_05
  req_text: Description
  req_attrs:
    category: Functional
    rational: rational
- req_id: SRS_APP_006
  req_title: Req SRS_06
  req_text: Description
  req_attrs:
    category: Functional
    rational: rational
- req_id: SRS_APP_007
  req_title: Req SRS_07
  req_text: Description
  req_attrs:
    category: Functional
    rational: rational
- req_id: SRS_APP_008
  req_title: Req SRS_08
  req_text: Description
  req_attrs:
    category: Functional
    rational: rational
- req_id: SRS_APP_009
  req_title: Req SRS_09
  req_text: Description
  req_attrs:
    category: Functional
    rational: rational
- req_id: SRS_APP_010
  req_title: Req SRS_10
  req_text: Description
  req_attrs:
    category: Functional
    rational: rational
- req_id: SRS_APP_011
  req_title: Req SRS_11
  req_text: Description
  req_attrs:
    category: Functional
    rational: rational
- req_id: SRS_APP_012
  req_title: Req SRS_12
  req_text: Description
  req_attrs:
    category: Functional
    rational: rational
- req_id: SRS_APP_013
  req_title: Req SRS_13
  req_text: Description
  req_attrs:
    category: Functional
    rational: rational
- req_id: SRS_APP_014
  req_title: Req SRS_14
  req_text: Description
  req_attrs:
    category: Functional
    rational: rational
- req_id: SRS_APP_015
  req_title: Req SRS_15
  req_text: Description
  req_attrs:
    category: Functional
    rational: rational
- req_id: SRS_APP_016
  req_title: Req SRS_16
  req_text: Description
  req_attrs:
    category: Functional
    rational: rational
- req_id: SRS_APP_017
  req_title: Req SRS_17
  req_text: Description
  req_attrs:
    category: Functional
    rational: rational
- req_id: SRS_APP_018
  req_title: Req SRS_18
  req_text: Description
  req_attrs:
    category: Functional
    rational: rational
- req_id: SRS_APP_019
  req_title: Req SRS_19
  req_text: Description
  req_attrs:
    category: Functional
    rational: rational
- req_id: SRS_APP_020
  req_title: Req SRS_20
  req_text: Description
  req_attrs:
    category: Functional
    rational: rational
- req_id: SRS_APP_021
  req_title: Req SRS_21
  req_text: Description
  req_attrs:
    category: Functional
    rational: rational
- req_id: SRS_APP_022
  req_title: Req SRS_22
  req_text: Description
  req_attrs:
    category: Functional
    rational: rational
- req_id: SRS_APP_023
  req_title: Req SRS_23
  req_text: Description
  req_attrs:
    category: Functional
    rational: rational
- req_id: SRS_APP_024
  req_title: Req SRS_24
  req_text: Description
  req_attrs:
    category: Functional
    rational: rational
- req_id: SRS_APP_025
  req_title: Req SRS_25
  req_text: Description
  req_attrs:
    category: Functional
    rational: rational
- req_id: SRS_APP_026
  req_title: Req SRS_26
  req_text: Description
  req_attrs:
    category: Functional
    rational: rational
