name;SSS
up;down;
SSS_REQ_001.1;"SRS_REQ_001.1
SRS_REQ_004.1";
SSS_REQ_002.1;SRS_REQ_002.1;
SSS_REQ_003.1;SRS_REQ_003.1;
SSS_REQ_004.1;SRS_REQ_004.1;
;
statistic;
;
coverage;100%;
"number of requirement";4;
"number of uncovered requirement";0;
