name;SRS
down;up;
SRS_REQ_003.1;SSS_REQ_003.1;
SRS_REQ_004.1;"SSS_REQ_004.1
SSS_REQ_001.1";
;
statistic;
;
coverage;60%;
"number of requirement";5;
"number of uncovered requirement";2;
"derived requirement";40%;
