requirement;rationale;
SRS_REQ_003.1 - Requirement title;"bla ..";
SRS_REQ_005.1 - Requirement title;"bla ..";
