name;STD_1
down;up;
STD_1_REQ_001.1;"SRS_REQ_001.1
SRS_REQ_002.1";
STD_1_REQ_002.1;"SRS_REQ_001.1
SRS_REQ_002.1";
STD_1_REQ_003.1;"SRS_REQ_003.1
SRS_REQ_002.1";
STD_1_REQ_004.1;"SRS_REQ_003.1
SRS_REQ_002.1";
STD_1_REQ_005.1;"SRS_REQ_003.1
SRS_REQ_002.1";
;
statistic;
;
coverage;100%;
"number of requirement";5;
"number of uncovered requirement";0;
"derived requirement";0%;
