---
reqs:
- req_id: SRS_001.1
  req_cov:
  - SSS_001.1
  - SSS_002.2
  req_title: SRS 001 Title
  req_text: SRS 001 Text\nText…
  req_attrs:
    rational: rational srs1
- req_id: SRS_002.1
  req_cov:
  - SSS_002.1
  - SSS_003.2
  req_title: SRS 002 Title
  req_text: SRS 002 Text\nText…
  req_attrs:
    rational: rational srs2
- req_id: SRS_003.1
  req_cov:
  - SSS_003.1
  - SSS_004.2
  req_title: SRS 003 Title
  req_text: SRS 003 Text\nText…
  req_attrs:
    rational: rational srs4
- req_id: SRS_004.1
  req_cov:
  - SSS_002.1
  - Derived
  req_title: SRS 004 Title
  req_text: SRS 004 Text\nText…
  req_attrs:
    rational: rational srs4, derived
- req_id: SRS_005.1
  req_cov:
  - SSS_005.1
  - SSS_006.2
  req_title: SRS 005 Title
  req_text: SRS 005 Text\nText…
  req_attrs:
    rational: rational srs5
- req_id: SRS_006.1
  req_cov:
  - SSS_006.1
  req_title: SRS 006 Title
  req_text: SRS 006 Text\nText…
  req_attrs:
    rational: rational srs6
- req_id: SRS_007.1
  req_cov:
  - SSS_007.1
  - SSS_008.2
  req_title: SRS 007 Title
  req_text: SRS 007 Text\nText…
  req_attrs:
    rational: rational srs7
- req_id: SRS_008.1
  req_cov:
  - Derived
  req_title: SRS 008 Title
  req_text: SRS 008 Text\nText…
  req_attrs:
    rational: rational srs8
- req_id: SRS_009.1
  req_cov:
  - SSS_009.1
  - SSS_010.1
  req_title: SRS 009 Title
  req_text: SRS 009 Text\nText…
  req_attrs:
    rational: rational srs9
- req_id: SRS_010.1
  req_cov:
  - SSS_010.1
  req_title: SRS 010 Title
  req_text: SRS 010 Text\nText…
  req_attrs:
    rational: rational srs10
